// Jest Snapshot v1, https://goo.gl/fbAQLP

exports[`Icon component default renders correctly 1`] = `
<styled.span
  color="grey700"
  cursorEnabled={false}
  size="16px"
  weight={400}
/>
`;
