// Jest Snapshot v1, https://goo.gl/fbAQLP

exports[`PaginationItem component default renders correctly 1`] = `
<styled.a
  selected={1}
/>
`;
