// Jest Snapshot v1, https://goo.gl/fbAQLP

exports[`PasswordGauge component default renders correctly 1`] = `
<styled.div>
  <styled.div
    color="error"
  />
  <styled.div
    color="transparent"
  />
  <styled.div
    color="transparent"
  />
  <styled.div
    color="transparent"
  />
  <styled.div
    color="transparent"
  />
</styled.div>
`;
