// Jest Snapshot v1, https://goo.gl/fbAQLP

exports[`TextGroup component default renders correctly 1`] = `
<styled.div
  inline={true}
  nowrap={true}
>
  <span>
    Hello World
  </span>
</styled.div>
`;
