// Jest Snapshot v1, https://goo.gl/fbAQLP

exports[`SkeletonRectangle component default renders correctly 1`] = `
<styled.div
  bgColor="grey000"
  bgColorgrey000={true}
  height="10px"
  width="10px"
>
  <span>
    Test
  </span>
</styled.div>
`;
