// Jest Snapshot v1, https://goo.gl/fbAQLP

exports[`ModalFooter component default renders correctly 1`] = `
<styled.div>
  <styled.div
    alignment="flex-start"
  />
</styled.div>
`;
