// Jest Snapshot v1, https://goo.gl/fbAQLP

exports[`Link component default renders correctly 1`] = `
<styled.a
  bold={false}
  capitalize={false}
  color="blue600"
  size="16px"
  uppercase={false}
  weight={500}
>
  <span>
    tab
  </span>
</styled.a>
`;
