// Jest Snapshot v1, https://goo.gl/fbAQLP

exports[`ButtonGroup component default renders correctly 1`] = `
<styled.div>
  <span>
    test
  </span>
</styled.div>
`;
