// Jest Snapshot v1, https://goo.gl/fbAQLP

exports[`IconButton component default renders correctly 1`] = `
<Styled(Button)>
  <Icon
    color="grey800"
    cursor={false}
    name="test"
    size="16px"
    weight={400}
  />
</Styled(Button)>
`;
