// Jest Snapshot v1, https://goo.gl/fbAQLP

exports[`Carousel component default renders correctly 1`] = `
<styled.div>
  <styled.div
    height={12}
    total={12}
  >
    <Styled(Icon)
      left={true}
    />
    <styled.div
      height={12}
      index={4}
      total={12}
    />
    <Styled(Icon) />
  </styled.div>
</styled.div>
`;
