// Jest Snapshot v1, https://goo.gl/fbAQLP

exports[`TableRow component renders correctly 1`] = `
<styled.div
  border={true}
  padding={true}
>
  <span>
    Default
  </span>
</styled.div>
`;
