// Jest Snapshot v1, https://goo.gl/fbAQLP

exports[`Table component renders correctly 1`] = `
<styled.div>
  <span>
    Default
  </span>
</styled.div>
`;
